// Jest Snapshot v1, https://goo.gl/fbAQLP

exports[`DiabloButton Component Render [DiabloButton] Default render 1`] = `ReactWrapper {}`;
